// Jest Snapshot v1, https://goo.gl/fbAQLP

exports[`Should MovieReview render correctly 1`] = `
<div
  className="movie-card__reviews movie-card__row"
>
  <div
    className="movie-card__reviews-col"
  >
    <div
      className="review"
    >
      <blockquote
        className="review__quote"
      >
        <p
          className="review__text"
        >
          comment text
        </p>
        <footer
          className="review__details"
        >
          <cite
            className="review__author"
          >
            author1
          </cite>
          <time
            className="review__date"
            dateTime="2020-06-16T10:54:44.818Z"
          >
            June 16, 2020
          </time>
        </footer>
      </blockquote>
      <div
        className="review__rating"
      >
        7
      </div>
    </div>
  </div>
  <div
    className="movie-card__reviews-col"
  >
    <div
      className="review"
    >
      <blockquote
        className="review__quote"
      >
        <p
          className="review__text"
        >
          comment text2
        </p>
        <footer
          className="review__details"
        >
          <cite
            className="review__author"
          >
            author2
          </cite>
          <time
            className="review__date"
            dateTime="2020-06-16T11:54:44.818Z"
          >
            June 16, 2020
          </time>
        </footer>
      </blockquote>
      <div
        className="review__rating"
      >
        9
      </div>
    </div>
  </div>
</div>
`;
