// Jest Snapshot v1, https://goo.gl/fbAQLP

exports[`Should MovieReview render correctly 1`] = `
<div
  className="movie-card__reviews movie-card__row"
>
  <div
    className="movie-card__reviews-col"
  >
    <div
      className="review"
    >
      <blockquote
        className="review__quote"
      >
        <p
          className="review__text"
        >
          Lorem ipsum dolor sit amet, consectetur adipiscing elit. Praesent varius quis lorem id iaculis. Sed eget luctus orci.
        </p>
        <footer
          className="review__details"
        >
          <cite
            className="review__author"
          >
            Olegsey
          </cite>
          <time
            className="review__date"
            dateTime="Sat Jan 03 1970"
          >
            Sat Jan 03 1970
          </time>
        </footer>
      </blockquote>
      <div
        className="review__rating"
      >
        8.4
      </div>
    </div>
    <div
      className="review"
    >
      <blockquote
        className="review__quote"
      >
        <p
          className="review__text"
        >
          Lorem ipsum dolor sit amet, consectetur adipiscing elit. Praesent varius quis lorem id iaculis. Sed eget luctus orci.
        </p>
        <footer
          className="review__details"
        >
          <cite
            className="review__author"
          >
            Yuliiiiiya
          </cite>
          <time
            className="review__date"
            dateTime="Sat Jan 03 1970"
          >
            Sat Jan 03 1970
          </time>
        </footer>
      </blockquote>
      <div
        className="review__rating"
      >
        5.2
      </div>
    </div>
  </div>
  <div
    className="movie-card__reviews-col"
  >
    <div
      className="review"
    >
      <blockquote
        className="review__quote"
      >
        <p
          className="review__text"
        >
          Lorem ipsum dolor sit amet, consectetur adipiscing elit. Praesent varius quis lorem id iaculis. Sed eget luctus orci.
        </p>
        <footer
          className="review__details"
        >
          <cite
            className="review__author"
          >
            Mihail
          </cite>
          <time
            className="review__date"
            dateTime="Sat Feb 07 1970"
          >
            Sat Feb 07 1970
          </time>
        </footer>
      </blockquote>
      <div
        className="review__rating"
      >
        3.4
      </div>
    </div>
  </div>
</div>
`;
