// Jest Snapshot v1, https://goo.gl/fbAQLP

exports[`Should MovieReview render correctly 1`] = `
<div
  className="review"
>
  <blockquote
    className="review__quote"
  >
    <p
      className="review__text"
    >
      Lorem ipsum dolor sit amet, consectetur adipiscing elit. Praesent varius quis lorem id iaculis. Sed eget luctus orci.
    </p>
    <footer
      className="review__details"
    >
      <cite
        className="review__author"
      >
        Olegsey
      </cite>
      <time
        className="review__date"
        dateTime="Sat Jan 03 1970"
      >
        Sat Jan 03 1970
      </time>
    </footer>
  </blockquote>
  <div
    className="review__rating"
  >
    8.4
  </div>
</div>
`;
