// Jest Snapshot v1, https://goo.gl/fbAQLP

exports[`Should MovieReview render correctly 1`] = `
<div
  className="review"
>
  <blockquote
    className="review__quote"
  >
    <p
      className="review__text"
    >
      review text
    </p>
    <footer
      className="review__details"
    >
      <cite
        className="review__author"
      >
        author
      </cite>
      <time
        className="review__date"
        dateTime="date string"
      >
        date string
      </time>
    </footer>
  </blockquote>
  <div
    className="review__rating"
  >
    0.5
  </div>
</div>
`;
