// Jest Snapshot v1, https://goo.gl/fbAQLP

exports[`Should AddReviewFormStar render correctly 1`] = `
Array [
  <input
    className="rating__input"
    defaultChecked={true}
    disabled={false}
    id="star-3"
    name="rating"
    type="radio"
    value={3}
  />,
  <label
    className="rating__label"
    htmlFor="star-3"
  >
    Rating 
    3
  </label>,
]
`;
