// Jest Snapshot v1, https://goo.gl/fbAQLP

exports[`Should MovieCard render correctly 1`] = `
<article
  className="small-movie-card catalog__movies-card"
  onMouseEnter={[Function]}
  onMouseLeave={[Function]}
>
  <a
    className="small-movie-card__link"
    href="/films/23"
    onClick={[Function]}
  >
    <div
      className="small-movie-card__image"
    >
      <video
        className=""
        controls={false}
        height="175"
        loop={true}
        muted={true}
        poster="img/pulp-fiction.jpg"
        src="img/seven-years-in-tibet.mp4"
        width="280"
      />
    </div>
    <h3
      className="small-movie-card__title"
    >
      Pulp Fiction
    </h3>
  </a>
</article>
`;
